{"level":"info","message":{"duration":"53ms","method":"POST","statusCode":404,"type":"performance","url":"/api/status"},"timestamp":"2026-05-13T23:31:19.773Z"}
{"level":"info","message":{"duration":"29ms","method":"GET","statusCode":200,"type":"performance","url":"/api/status"},"timestamp":"2026-05-13T23:31:25.487Z"}
{"level":"info","message":"Server started on port 3000","timestamp":"2026-05-13T23:39:36.367Z"}
{"level":"info","message":"[logger] Server started on port 3000","timestamp":"2026-05-13T23:39:36.742Z"}
{"level":"info","message":{"duration":"18ms","method":"GET","statusCode":304,"type":"performance","url":"/api/meta/roles"},"timestamp":"2026-05-13T23:39:43.942Z"}
{"level":"info","message":{"duration":"9ms","method":"GET","statusCode":304,"type":"performance","url":"/api/meta/resource-types"},"timestamp":"2026-05-13T23:39:44.023Z"}
{"level":"info","message":{"duration":"17ms","method":"GET","statusCode":304,"type":"performance","url":"/api/resources"},"timestamp":"2026-05-13T23:39:44.054Z"}
{"level":"info","message":{"duration":"13ms","method":"GET","statusCode":401,"type":"performance","url":"/api/user-resources"},"timestamp":"2026-05-13T23:39:44.075Z"}
{"level":"info","message":{"duration":"4ms","method":"GET","statusCode":401,"type":"performance","url":"/api/auth/profile"},"timestamp":"2026-05-13T23:39:44.101Z"}
{"level":"info","message":{"duration":"151ms","method":"POST","statusCode":200,"type":"performance","url":"/api/auth/login"},"timestamp":"2026-05-13T23:39:48.090Z"}
{"level":"info","message":{"duration":"5ms","method":"GET","statusCode":200,"type":"performance","url":"/api/auth/profile"},"timestamp":"2026-05-13T23:39:48.100Z"}
{"level":"info","message":{"duration":"5ms","method":"GET","statusCode":304,"type":"performance","url":"/api/resources"},"timestamp":"2026-05-13T23:39:48.111Z"}
{"level":"info","message":{"duration":"17ms","method":"GET","statusCode":304,"type":"performance","url":"/api/user-resources"},"timestamp":"2026-05-13T23:39:48.138Z"}
{"level":"info","message":{"duration":"17ms","method":"POST","statusCode":200,"type":"performance","url":"/api/auth/logout"},"timestamp":"2026-05-13T23:39:53.635Z"}
{"level":"info","message":{"duration":"2ms","method":"GET","statusCode":302,"type":"performance","url":"/api/auth/google"},"timestamp":"2026-05-13T23:39:54.581Z"}
{"level":"info","message":{"duration":"349ms","method":"GET","statusCode":302,"type":"performance","url":"/api/auth/google/callback?iss=https%3A%2F%2Faccounts.google.com&code=4%2F0AeoWuM_yv6Er5J1r4k5SK7of0t8lvEJPxwnHYNVQmtEM5KP1PMGSmCOwGHL1wXucalcAbQ&scope=email+profile+https%3A%2F%2Fwww.googleapis.com%2Fauth%2Fuserinfo.email+https%3A%2F%2Fwww.googleapis.com%2Fauth%2Fuserinfo.profile+openid&authuser=0&prompt=none"},"timestamp":"2026-05-13T23:39:57.571Z"}
{"level":"info","message":{"duration":"4ms","method":"GET","statusCode":304,"type":"performance","url":"/api/meta/roles"},"timestamp":"2026-05-13T23:39:57.940Z"}
{"level":"info","message":{"duration":"3ms","method":"GET","statusCode":304,"type":"performance","url":"/api/meta/resource-types"},"timestamp":"2026-05-13T23:39:58.057Z"}
{"level":"info","message":{"duration":"6ms","method":"GET","statusCode":304,"type":"performance","url":"/api/resources"},"timestamp":"2026-05-13T23:39:58.070Z"}
{"level":"info","message":{"duration":"5ms","method":"GET","statusCode":304,"type":"performance","url":"/api/user-resources"},"timestamp":"2026-05-13T23:39:58.079Z"}
{"level":"info","message":{"duration":"3ms","method":"GET","statusCode":200,"type":"performance","url":"/api/auth/profile"},"timestamp":"2026-05-13T23:39:58.089Z"}
{"level":"info","message":{"duration":"4ms","method":"GET","statusCode":304,"type":"performance","url":"/api/auth/profile"},"timestamp":"2026-05-13T23:39:58.099Z"}
{"level":"info","message":{"duration":"3ms","method":"GET","statusCode":304,"type":"performance","url":"/api/resources"},"timestamp":"2026-05-13T23:39:58.106Z"}
{"level":"info","message":{"duration":"4ms","method":"GET","statusCode":304,"type":"performance","url":"/api/user-resources"},"timestamp":"2026-05-13T23:39:58.115Z"}
{"level":"info","message":{"duration":"8ms","method":"POST","statusCode":200,"type":"performance","url":"/api/auth/logout"},"timestamp":"2026-05-13T23:39:59.629Z"}
{"level":"info","message":"Server started on port 3000","timestamp":"2026-05-14T07:28:33.885Z"}
{"level":"info","message":"[logger] Server started on port 3000","timestamp":"2026-05-14T07:28:34.225Z"}
{"level":"info","message":{"duration":"11ms","method":"GET","statusCode":304,"type":"performance","url":"/api/meta/roles"},"timestamp":"2026-05-14T07:28:39.893Z"}
{"level":"info","message":{"duration":"11ms","method":"GET","statusCode":304,"type":"performance","url":"/api/meta/resource-types"},"timestamp":"2026-05-14T07:28:40.043Z"}
{"level":"info","message":{"duration":"5ms","method":"GET","statusCode":404,"type":"performance","url":"/favicon.ico"},"timestamp":"2026-05-14T07:28:40.072Z"}
{"level":"info","message":{"duration":"16ms","method":"GET","statusCode":304,"type":"performance","url":"/api/resources"},"timestamp":"2026-05-14T07:28:40.090Z"}
{"level":"info","message":{"duration":"4ms","method":"GET","statusCode":302,"type":"performance","url":"/api/auth/google"},"timestamp":"2026-05-14T07:29:20.457Z"}
{"level":"info","message":{"duration":"461ms","method":"GET","statusCode":302,"type":"performance","url":"/api/auth/google/callback?iss=https%3A%2F%2Faccounts.google.com&code=4%2F0AeoWuM-P5EVHaU070pSp4W_0k6DSTq47Y9hBcmh09JdY0H6J70dw97hiwC6qsGci-Fv2Kw&scope=email+profile+https%3A%2F%2Fwww.googleapis.com%2Fauth%2Fuserinfo.email+https%3A%2F%2Fwww.googleapis.com%2Fauth%2Fuserinfo.profile+openid&authuser=0&prompt=none"},"timestamp":"2026-05-14T07:29:24.976Z"}
{"level":"info","message":{"duration":"6ms","method":"GET","statusCode":304,"type":"performance","url":"/api/meta/roles"},"timestamp":"2026-05-14T07:29:25.370Z"}
{"level":"info","message":{"duration":"4ms","method":"GET","statusCode":304,"type":"performance","url":"/api/meta/resource-types"},"timestamp":"2026-05-14T07:29:25.489Z"}
{"level":"info","message":{"duration":"10ms","method":"GET","statusCode":304,"type":"performance","url":"/api/resources"},"timestamp":"2026-05-14T07:29:25.505Z"}
{"level":"info","message":{"duration":"6ms","method":"GET","statusCode":304,"type":"performance","url":"/api/user-resources"},"timestamp":"2026-05-14T07:29:25.521Z"}
{"level":"info","message":{"duration":"6ms","method":"GET","statusCode":200,"type":"performance","url":"/api/auth/profile"},"timestamp":"2026-05-14T07:29:25.536Z"}
{"level":"info","message":{"duration":"7ms","method":"GET","statusCode":304,"type":"performance","url":"/api/auth/profile"},"timestamp":"2026-05-14T07:29:25.546Z"}
{"level":"info","message":{"duration":"4ms","method":"GET","statusCode":304,"type":"performance","url":"/api/resources"},"timestamp":"2026-05-14T07:29:25.554Z"}
{"level":"info","message":{"duration":"5ms","method":"GET","statusCode":304,"type":"performance","url":"/api/user-resources"},"timestamp":"2026-05-14T07:29:25.564Z"}
{"level":"info","message":{"duration":"97ms","method":"POST","statusCode":200,"type":"performance","url":"/api/auth/logout"},"timestamp":"2026-05-14T07:34:52.971Z"}
{"level":"info","message":{"duration":"122ms","method":"POST","statusCode":200,"type":"performance","url":"/api/auth/login"},"timestamp":"2026-05-14T07:34:58.176Z"}
{"level":"info","message":{"duration":"5ms","method":"GET","statusCode":200,"type":"performance","url":"/api/auth/profile"},"timestamp":"2026-05-14T07:34:58.186Z"}
{"level":"info","message":{"duration":"14ms","method":"GET","statusCode":304,"type":"performance","url":"/api/resources"},"timestamp":"2026-05-14T07:34:58.205Z"}
{"level":"info","message":{"duration":"17ms","method":"GET","statusCode":304,"type":"performance","url":"/api/user-resources"},"timestamp":"2026-05-14T07:34:58.233Z"}
{"level":"info","message":{"duration":"7ms","method":"GET","statusCode":200,"type":"performance","url":"/api/auth/users"},"timestamp":"2026-05-14T07:35:00.557Z"}
{"level":"info","message":{"duration":"28ms","method":"DELETE","statusCode":200,"type":"performance","url":"/api/auth/user/19"},"timestamp":"2026-05-14T07:35:09.659Z"}
{"level":"info","message":{"duration":"5ms","method":"GET","statusCode":200,"type":"performance","url":"/api/auth/users"},"timestamp":"2026-05-14T07:35:09.668Z"}
{"level":"info","message":{"duration":"13ms","method":"POST","statusCode":200,"type":"performance","url":"/api/auth/logout"},"timestamp":"2026-05-14T07:35:11.305Z"}
{"level":"info","message":{"duration":"1ms","method":"GET","statusCode":302,"type":"performance","url":"/api/auth/google"},"timestamp":"2026-05-14T07:35:14.212Z"}
{"level":"info","message":{"duration":"1ms","method":"GET","statusCode":302,"type":"performance","url":"/api/auth/google"},"timestamp":"2026-05-14T07:59:12.441Z"}
{"level":"info","message":{"duration":"455ms","method":"GET","statusCode":302,"type":"performance","url":"/api/auth/google/callback?iss=https%3A%2F%2Faccounts.google.com&code=4%2F0AeoWuM_Mf-_AsBtvHdf62NlefWvtYpnL4QFcuOcEeY5Ebg301g_wsMugHu7FwGj2ZbFHsg&scope=email+profile+https%3A%2F%2Fwww.googleapis.com%2Fauth%2Fuserinfo.email+openid+https%3A%2F%2Fwww.googleapis.com%2Fauth%2Fuserinfo.profile&authuser=0&prompt=none"},"timestamp":"2026-05-14T07:59:16.439Z"}
{"level":"info","message":{"duration":"5ms","method":"GET","statusCode":304,"type":"performance","url":"/api/meta/roles"},"timestamp":"2026-05-14T07:59:16.822Z"}
{"level":"info","message":{"duration":"7ms","method":"GET","statusCode":304,"type":"performance","url":"/api/meta/resource-types"},"timestamp":"2026-05-14T07:59:16.960Z"}
{"level":"info","message":{"duration":"10ms","method":"GET","statusCode":304,"type":"performance","url":"/api/resources"},"timestamp":"2026-05-14T07:59:16.978Z"}
{"level":"info","message":{"duration":"6ms","method":"GET","statusCode":304,"type":"performance","url":"/api/user-resources"},"timestamp":"2026-05-14T07:59:16.989Z"}
{"level":"info","message":{"duration":"4ms","method":"GET","statusCode":200,"type":"performance","url":"/api/auth/profile"},"timestamp":"2026-05-14T07:59:17.000Z"}
{"level":"info","message":{"duration":"6ms","method":"GET","statusCode":304,"type":"performance","url":"/api/auth/profile"},"timestamp":"2026-05-14T07:59:17.012Z"}
{"level":"info","message":{"duration":"3ms","method":"GET","statusCode":304,"type":"performance","url":"/api/resources"},"timestamp":"2026-05-14T07:59:17.019Z"}
{"level":"info","message":{"duration":"6ms","method":"GET","statusCode":304,"type":"performance","url":"/api/user-resources"},"timestamp":"2026-05-14T07:59:17.029Z"}
{"level":"info","message":{"duration":"6ms","method":"GET","statusCode":304,"type":"performance","url":"/api/auth/profile"},"timestamp":"2026-05-14T07:59:20.747Z"}
{"level":"info","message":{"duration":"15ms","method":"POST","statusCode":200,"type":"performance","url":"/api/auth/logout"},"timestamp":"2026-05-14T07:59:23.785Z"}
{"level":"info","message":{"duration":"94ms","method":"POST","statusCode":200,"type":"performance","url":"/api/auth/login"},"timestamp":"2026-05-14T07:59:29.673Z"}
{"level":"info","message":{"duration":"5ms","method":"GET","statusCode":200,"type":"performance","url":"/api/auth/profile"},"timestamp":"2026-05-14T07:59:29.685Z"}
{"level":"info","message":{"duration":"6ms","method":"GET","statusCode":304,"type":"performance","url":"/api/resources"},"timestamp":"2026-05-14T07:59:29.695Z"}
{"level":"info","message":{"duration":"10ms","method":"GET","statusCode":304,"type":"performance","url":"/api/user-resources"},"timestamp":"2026-05-14T07:59:29.711Z"}
{"level":"info","message":{"duration":"6ms","method":"GET","statusCode":200,"type":"performance","url":"/api/auth/users"},"timestamp":"2026-05-14T07:59:31.313Z"}
{"level":"info","message":{"duration":"18ms","method":"DELETE","statusCode":200,"type":"performance","url":"/api/auth/user/23"},"timestamp":"2026-05-14T07:59:33.452Z"}
{"level":"info","message":{"duration":"5ms","method":"GET","statusCode":200,"type":"performance","url":"/api/auth/users"},"timestamp":"2026-05-14T07:59:33.461Z"}
{"level":"info","message":{"duration":"11ms","method":"POST","statusCode":200,"type":"performance","url":"/api/auth/logout"},"timestamp":"2026-05-14T07:59:34.525Z"}
{"level":"info","message":{"duration":"1ms","method":"GET","statusCode":302,"type":"performance","url":"/api/auth/google"},"timestamp":"2026-05-14T07:59:36.955Z"}
{"level":"info","message":{"duration":"381ms","method":"GET","statusCode":302,"type":"performance","url":"/api/auth/google/callback?iss=https%3A%2F%2Faccounts.google.com&code=4%2F0AeoWuM-WO0cXsY1TGC1eixyTbz4XdNftqz7bT52C_hNoS3U_ZFNbELuKv1-uW56eUbgoKQ&scope=email+profile+https%3A%2F%2Fwww.googleapis.com%2Fauth%2Fuserinfo.email+openid+https%3A%2F%2Fwww.googleapis.com%2Fauth%2Fuserinfo.profile&authuser=0&prompt=none"},"timestamp":"2026-05-14T07:59:40.000Z"}
{"level":"info","message":{"duration":"3ms","method":"GET","statusCode":304,"type":"performance","url":"/api/meta/roles"},"timestamp":"2026-05-14T07:59:40.407Z"}
{"level":"info","message":{"duration":"4ms","method":"GET","statusCode":304,"type":"performance","url":"/api/meta/resource-types"},"timestamp":"2026-05-14T07:59:40.544Z"}
{"level":"info","message":{"duration":"5ms","method":"GET","statusCode":304,"type":"performance","url":"/api/resources"},"timestamp":"2026-05-14T07:59:40.556Z"}
{"level":"info","message":{"duration":"6ms","method":"GET","statusCode":304,"type":"performance","url":"/api/user-resources"},"timestamp":"2026-05-14T07:59:40.573Z"}
{"level":"info","message":{"duration":"3ms","method":"GET","statusCode":200,"type":"performance","url":"/api/auth/profile"},"timestamp":"2026-05-14T07:59:40.588Z"}
{"level":"info","message":{"duration":"5ms","method":"GET","statusCode":304,"type":"performance","url":"/api/auth/profile"},"timestamp":"2026-05-14T07:59:40.598Z"}
{"level":"info","message":{"duration":"4ms","method":"GET","statusCode":304,"type":"performance","url":"/api/resources"},"timestamp":"2026-05-14T07:59:40.605Z"}
{"level":"info","message":{"duration":"3ms","method":"GET","statusCode":304,"type":"performance","url":"/api/user-resources"},"timestamp":"2026-05-14T07:59:40.614Z"}
{"level":"info","message":{"duration":"3ms","method":"GET","statusCode":304,"type":"performance","url":"/api/auth/profile"},"timestamp":"2026-05-14T07:59:43.551Z"}
{"level":"info","message":{"duration":"683ms","method":"GET","statusCode":304,"type":"performance","url":"/api/auth/profile"},"timestamp":"2026-05-14T08:00:05.221Z"}
{"level":"info","message":{"duration":"13ms","method":"POST","statusCode":200,"type":"performance","url":"/api/auth/logout"},"timestamp":"2026-05-14T08:00:08.007Z"}
{"level":"info","message":{"duration":"95ms","method":"POST","statusCode":200,"type":"performance","url":"/api/auth/login"},"timestamp":"2026-05-14T08:00:13.393Z"}
{"level":"info","message":{"duration":"4ms","method":"GET","statusCode":200,"type":"performance","url":"/api/auth/profile"},"timestamp":"2026-05-14T08:00:13.401Z"}
{"level":"info","message":{"duration":"12ms","method":"GET","statusCode":304,"type":"performance","url":"/api/resources"},"timestamp":"2026-05-14T08:00:13.417Z"}
{"level":"info","message":{"duration":"8ms","method":"GET","statusCode":304,"type":"performance","url":"/api/user-resources"},"timestamp":"2026-05-14T08:00:13.430Z"}
{"level":"info","message":{"duration":"6ms","method":"GET","statusCode":200,"type":"performance","url":"/api/auth/users"},"timestamp":"2026-05-14T08:00:15.040Z"}
{"level":"info","message":{"duration":"29ms","method":"DELETE","statusCode":200,"type":"performance","url":"/api/auth/user/24"},"timestamp":"2026-05-14T08:00:16.772Z"}
{"level":"info","message":{"duration":"9ms","method":"GET","statusCode":200,"type":"performance","url":"/api/auth/users"},"timestamp":"2026-05-14T08:00:16.786Z"}
{"level":"info","message":{"duration":"15ms","method":"POST","statusCode":200,"type":"performance","url":"/api/auth/logout"},"timestamp":"2026-05-14T08:00:17.793Z"}
{"level":"info","message":{"duration":"1439ms","method":"POST","statusCode":201,"type":"performance","url":"/api/auth/register"},"timestamp":"2026-05-14T08:00:32.508Z"}
{"level":"info","message":{"duration":"89ms","method":"POST","statusCode":200,"type":"performance","url":"/api/auth/login"},"timestamp":"2026-05-14T08:00:37.132Z"}
{"level":"info","message":{"duration":"7ms","method":"GET","statusCode":200,"type":"performance","url":"/api/auth/profile"},"timestamp":"2026-05-14T08:00:37.142Z"}
{"level":"info","message":{"duration":"7ms","method":"GET","statusCode":304,"type":"performance","url":"/api/resources"},"timestamp":"2026-05-14T08:00:37.153Z"}
{"level":"info","message":{"duration":"7ms","method":"GET","statusCode":304,"type":"performance","url":"/api/user-resources"},"timestamp":"2026-05-14T08:00:37.166Z"}
{"level":"info","message":{"duration":"4ms","method":"GET","statusCode":304,"type":"performance","url":"/api/auth/profile"},"timestamp":"2026-05-14T08:00:44.199Z"}
{"level":"info","message":{"duration":"11ms","method":"GET","statusCode":200,"type":"performance","url":"/api/auth/verify-email?token=b99e3d3b91c4086434027e5e7d3f31101c9ea9a4734d807cb05e8c390d48ff0a&email=vanygar962%40gmail.com"},"timestamp":"2026-05-14T08:00:45.814Z"}
{"level":"info","message":{"duration":"5ms","method":"GET","statusCode":200,"type":"performance","url":"/api/auth/profile"},"timestamp":"2026-05-14T08:00:45.824Z"}
{"level":"info","message":{"duration":"12ms","method":"POST","statusCode":200,"type":"performance","url":"/api/auth/logout"},"timestamp":"2026-05-14T08:00:49.862Z"}
{"level":"info","message":{"duration":"94ms","method":"POST","statusCode":200,"type":"performance","url":"/api/auth/login"},"timestamp":"2026-05-14T08:00:53.112Z"}
{"level":"info","message":{"duration":"4ms","method":"GET","statusCode":200,"type":"performance","url":"/api/auth/profile"},"timestamp":"2026-05-14T08:00:53.119Z"}
{"level":"info","message":{"duration":"6ms","method":"GET","statusCode":304,"type":"performance","url":"/api/resources"},"timestamp":"2026-05-14T08:00:53.130Z"}
{"level":"info","message":{"duration":"7ms","method":"GET","statusCode":304,"type":"performance","url":"/api/user-resources"},"timestamp":"2026-05-14T08:00:53.142Z"}
{"level":"info","message":{"duration":"5ms","method":"GET","statusCode":200,"type":"performance","url":"/api/auth/users"},"timestamp":"2026-05-14T08:00:54.631Z"}
{"level":"info","message":{"duration":"15ms","method":"DELETE","statusCode":200,"type":"performance","url":"/api/auth/user/25"},"timestamp":"2026-05-14T08:00:56.365Z"}
{"level":"info","message":{"duration":"3ms","method":"GET","statusCode":200,"type":"performance","url":"/api/auth/users"},"timestamp":"2026-05-14T08:00:56.372Z"}
{"level":"info","message":{"duration":"12ms","method":"POST","statusCode":200,"type":"performance","url":"/api/auth/logout"},"timestamp":"2026-05-14T08:00:57.418Z"}
{"level":"info","message":{"duration":"400ms","method":"POST","statusCode":400,"type":"performance","url":"/api/auth/login"},"timestamp":"2026-05-14T08:03:23.602Z"}
{"level":"info","message":{"duration":"176ms","method":"POST","statusCode":200,"type":"performance","url":"/api/auth/login"},"timestamp":"2026-05-14T08:03:36.586Z"}
{"level":"info","message":{"duration":"4ms","method":"GET","statusCode":200,"type":"performance","url":"/api/auth/profile"},"timestamp":"2026-05-14T08:03:36.595Z"}
{"level":"info","message":{"duration":"45ms","method":"GET","statusCode":304,"type":"performance","url":"/api/resources"},"timestamp":"2026-05-14T08:03:36.645Z"}
{"level":"info","message":{"duration":"17ms","method":"GET","statusCode":304,"type":"performance","url":"/api/user-resources"},"timestamp":"2026-05-14T08:03:36.666Z"}
{"level":"info","message":{"duration":"7ms","method":"GET","statusCode":304,"type":"performance","url":"/api/auth/users"},"timestamp":"2026-05-14T08:03:38.053Z"}
{"level":"error","message":"The DELETE statement conflicted with the REFERENCE constraint \"FK_Resources_Users\". The conflict occurred in database \"LinkEduHub\", table \"dbo.Resources\", column 'created_by'.","place":"delete-user","stack":"Error\n    at Query.run (C:\\Users\\vanya\\Desktop\\study_2026_2\\WEB\\project\\node_modules\\sequelize\\lib\\dialects\\mssql\\query.js:107:25)\n    at C:\\Users\\vanya\\Desktop\\study_2026_2\\WEB\\project\\node_modules\\sequelize\\lib\\sequelize.js:315:28\n    at process.processTicksAndRejections (node:internal/process/task_queues:105:5)\n    at async MSSqlQueryInterface.delete (C:\\Users\\vanya\\Desktop\\study_2026_2\\WEB\\project\\node_modules\\sequelize\\lib\\dialects\\abstract\\query-interface.js:393:12)\n    at async model.destroy (C:\\Users\\vanya\\Desktop\\study_2026_2\\WEB\\project\\node_modules\\sequelize\\lib\\model.js:2627:16)\n    at async C:\\Users\\vanya\\Desktop\\study_2026_2\\WEB\\project\\routes\\authRoutes.js:394:9","timestamp":"2026-05-14T08:03:39.543Z"}
{"level":"info","message":{"duration":"24ms","method":"DELETE","statusCode":500,"type":"performance","url":"/api/auth/user/11"},"timestamp":"2026-05-14T08:03:39.544Z"}
{"level":"info","message":{"duration":"15ms","method":"POST","statusCode":200,"type":"performance","url":"/api/auth/logout"},"timestamp":"2026-05-14T08:03:45.484Z"}
{"level":"error","message":"Дозволені тільки файли JPG, PNG або PDF","place":"POST /api/upload","stack":"Error: Дозволені тільки файли JPG, PNG або PDF\n    at fileFilter (C:\\Users\\vanya\\Desktop\\study_2026_2\\WEB\\project\\routes\\uploadRoutes.js:23:12)\n    at wrappedFileFilter (C:\\Users\\vanya\\Desktop\\study_2026_2\\WEB\\project\\node_modules\\multer\\index.js:45:7)\n    at Multipart.<anonymous> (C:\\Users\\vanya\\Desktop\\study_2026_2\\WEB\\project\\node_modules\\multer\\lib\\make-middleware.js:183:7)\n    at Multipart.emit (node:events:524:28)\n    at HeaderParser.cb (C:\\Users\\vanya\\Desktop\\study_2026_2\\WEB\\project\\node_modules\\busboy\\lib\\types\\multipart.js:358:14)\n    at HeaderParser.push (C:\\Users\\vanya\\Desktop\\study_2026_2\\WEB\\project\\node_modules\\busboy\\lib\\types\\multipart.js:162:20)\n    at SBMH.ssCb [as _cb] (C:\\Users\\vanya\\Desktop\\study_2026_2\\WEB\\project\\node_modules\\busboy\\lib\\types\\multipart.js:394:37)\n    at feed (C:\\Users\\vanya\\Desktop\\study_2026_2\\WEB\\project\\node_modules\\streamsearch\\lib\\sbmh.js:200:10)\n    at SBMH.push (C:\\Users\\vanya\\Desktop\\study_2026_2\\WEB\\project\\node_modules\\streamsearch\\lib\\sbmh.js:104:16)\n    at Multipart._write (C:\\Users\\vanya\\Desktop\\study_2026_2\\WEB\\project\\node_modules\\busboy\\lib\\types\\multipart.js:567:19)","timestamp":"2026-05-14T08:04:17.931Z"}
{"level":"info","message":{"duration":"11ms","method":"POST","statusCode":500,"type":"performance","url":"/api/upload"},"timestamp":"2026-05-14T08:04:17.933Z"}
{"level":"info","message":{"duration":"12ms","method":"POST","statusCode":200,"type":"performance","url":"/api/upload"},"timestamp":"2026-05-14T08:04:33.615Z"}
{"level":"info","message":{"duration":"1064ms","method":"POST","statusCode":200,"type":"performance","url":"/api/auth/forgot-password"},"timestamp":"2026-05-14T08:11:47.088Z"}
{"level":"info","message":{"duration":"804ms","method":"POST","statusCode":200,"type":"performance","url":"/api/auth/login"},"timestamp":"2026-05-14T08:13:17.440Z"}
{"level":"info","message":{"duration":"69ms","method":"POST","statusCode":200,"type":"performance","url":"/api/auth/refresh"},"timestamp":"2026-05-14T08:13:33.006Z"}
{"level":"info","message":{"duration":"2ms","method":"POST","statusCode":401,"type":"performance","url":"/api/auth/logout"},"timestamp":"2026-05-14T08:13:55.075Z"}
{"level":"info","message":{"duration":"71ms","method":"POST","statusCode":200,"type":"performance","url":"/api/auth/logout"},"timestamp":"2026-05-14T08:14:06.090Z"}
{"level":"info","message":{"duration":"107ms","method":"POST","statusCode":200,"type":"performance","url":"/api/auth/login"},"timestamp":"2026-05-14T08:14:09.345Z"}
{"level":"info","message":{"duration":"79ms","method":"PUT","statusCode":200,"type":"performance","url":"/api/auth/profile"},"timestamp":"2026-05-14T08:14:48.048Z"}
{"level":"info","message":{"duration":"10ms","method":"PUT","statusCode":200,"type":"performance","url":"/api/auth/profile"},"timestamp":"2026-05-14T08:14:55.920Z"}
{"level":"info","message":{"duration":"255ms","method":"PUT","statusCode":200,"type":"performance","url":"/api/auth/change-password"},"timestamp":"2026-05-14T08:15:13.661Z"}
{"level":"info","message":{"duration":"213ms","method":"PUT","statusCode":200,"type":"performance","url":"/api/auth/change-password"},"timestamp":"2026-05-14T08:15:24.118Z"}
{"level":"info","message":{"duration":"1188ms","method":"POST","statusCode":201,"type":"performance","url":"/api/auth/register"},"timestamp":"2026-05-14T08:16:06.741Z"}
{"level":"info","message":{"duration":"79ms","method":"DELETE","statusCode":200,"type":"performance","url":"/api/auth/user/26"},"timestamp":"2026-05-14T08:17:03.033Z"}
{"level":"info","message":{"duration":"118ms","method":"POST","statusCode":200,"type":"performance","url":"/api/auth/login"},"timestamp":"2026-05-14T08:18:48.299Z"}
{"level":"info","message":{"duration":"9ms","method":"GET","statusCode":200,"type":"performance","url":"/api/auth/profile"},"timestamp":"2026-05-14T08:18:48.313Z"}
{"level":"info","message":{"duration":"8ms","method":"GET","statusCode":200,"type":"performance","url":"/api/resources"},"timestamp":"2026-05-14T08:18:48.326Z"}
{"level":"info","message":{"duration":"7ms","method":"GET","statusCode":304,"type":"performance","url":"/api/user-resources"},"timestamp":"2026-05-14T08:18:48.352Z"}
{"level":"info","message":{"duration":"4ms","method":"GET","statusCode":200,"type":"performance","url":"/api/auth/users"},"timestamp":"2026-05-14T08:18:49.246Z"}
{"level":"info","message":{"duration":"10ms","method":"POST","statusCode":200,"type":"performance","url":"/api/auth/logout"},"timestamp":"2026-05-14T08:18:52.451Z"}
{"level":"info","message":{"duration":"133ms","method":"POST","statusCode":200,"type":"performance","url":"/api/auth/login"},"timestamp":"2026-05-14T08:23:25.908Z"}
{"level":"info","message":{"duration":"6ms","method":"GET","statusCode":200,"type":"performance","url":"/api/auth/profile"},"timestamp":"2026-05-14T08:23:25.921Z"}
{"level":"info","message":{"duration":"6ms","method":"GET","statusCode":304,"type":"performance","url":"/api/resources"},"timestamp":"2026-05-14T08:23:25.932Z"}
{"level":"info","message":{"duration":"7ms","method":"GET","statusCode":304,"type":"performance","url":"/api/user-resources"},"timestamp":"2026-05-14T08:23:25.943Z"}
{"level":"info","message":{"duration":"8ms","method":"GET","statusCode":304,"type":"performance","url":"/api/auth/users"},"timestamp":"2026-05-14T08:23:26.962Z"}
{"level":"info","message":{"duration":"10ms","method":"POST","statusCode":200,"type":"performance","url":"/api/auth/logout"},"timestamp":"2026-05-14T08:23:31.207Z"}
{"level":"info","message":{"duration":"2ms","method":"GET","statusCode":302,"type":"performance","url":"/api/auth/google"},"timestamp":"2026-05-14T08:23:32.078Z"}
{"level":"info","message":{"duration":"470ms","method":"GET","statusCode":302,"type":"performance","url":"/api/auth/google/callback?iss=https%3A%2F%2Faccounts.google.com&code=4%2F0AeoWuM-of6oakxpgNPcimwMbe4H7VultusM-uiIwhr54KQ3H3uQlGwPXklFM-ly2_icZEQ&scope=email+profile+https%3A%2F%2Fwww.googleapis.com%2Fauth%2Fuserinfo.profile+https%3A%2F%2Fwww.googleapis.com%2Fauth%2Fuserinfo.email+openid&authuser=0&prompt=none"},"timestamp":"2026-05-14T08:23:39.031Z"}
{"level":"info","message":{"duration":"5ms","method":"GET","statusCode":304,"type":"performance","url":"/api/meta/roles"},"timestamp":"2026-05-14T08:23:39.491Z"}
{"level":"info","message":{"duration":"8ms","method":"GET","statusCode":304,"type":"performance","url":"/api/meta/resource-types"},"timestamp":"2026-05-14T08:23:39.645Z"}
{"level":"info","message":{"duration":"7ms","method":"GET","statusCode":304,"type":"performance","url":"/api/resources"},"timestamp":"2026-05-14T08:23:39.660Z"}
{"level":"info","message":{"duration":"6ms","method":"GET","statusCode":304,"type":"performance","url":"/api/user-resources"},"timestamp":"2026-05-14T08:23:39.674Z"}
{"level":"info","message":{"duration":"7ms","method":"GET","statusCode":200,"type":"performance","url":"/api/auth/profile"},"timestamp":"2026-05-14T08:23:39.692Z"}
{"level":"info","message":{"duration":"3ms","method":"GET","statusCode":304,"type":"performance","url":"/api/auth/profile"},"timestamp":"2026-05-14T08:23:39.699Z"}
{"level":"info","message":{"duration":"7ms","method":"GET","statusCode":304,"type":"performance","url":"/api/resources"},"timestamp":"2026-05-14T08:23:39.709Z"}
{"level":"info","message":{"duration":"4ms","method":"GET","statusCode":304,"type":"performance","url":"/api/user-resources"},"timestamp":"2026-05-14T08:23:39.800Z"}
{"level":"info","message":{"duration":"5ms","method":"GET","statusCode":304,"type":"performance","url":"/api/auth/profile"},"timestamp":"2026-05-14T08:23:41.272Z"}
{"level":"info","message":{"duration":"5ms","method":"GET","statusCode":304,"type":"performance","url":"/api/auth/profile"},"timestamp":"2026-05-14T08:23:45.494Z"}
{"level":"info","message":{"duration":"11ms","method":"POST","statusCode":200,"type":"performance","url":"/api/auth/logout"},"timestamp":"2026-05-14T08:23:48.916Z"}
{"level":"info","message":{"duration":"111ms","method":"POST","statusCode":200,"type":"performance","url":"/api/auth/login"},"timestamp":"2026-05-14T08:23:55.218Z"}
{"level":"info","message":{"duration":"5ms","method":"GET","statusCode":200,"type":"performance","url":"/api/auth/profile"},"timestamp":"2026-05-14T08:23:55.226Z"}
{"level":"info","message":{"duration":"3ms","method":"GET","statusCode":304,"type":"performance","url":"/api/resources"},"timestamp":"2026-05-14T08:23:55.233Z"}
{"level":"info","message":{"duration":"8ms","method":"GET","statusCode":304,"type":"performance","url":"/api/user-resources"},"timestamp":"2026-05-14T08:23:55.247Z"}
{"level":"info","message":{"duration":"4ms","method":"GET","statusCode":200,"type":"performance","url":"/api/auth/users"},"timestamp":"2026-05-14T08:23:57.134Z"}
{"level":"info","message":{"duration":"20ms","method":"DELETE","statusCode":200,"type":"performance","url":"/api/auth/user/27"},"timestamp":"2026-05-14T08:23:58.869Z"}
{"level":"info","message":{"duration":"5ms","method":"GET","statusCode":200,"type":"performance","url":"/api/auth/users"},"timestamp":"2026-05-14T08:23:58.877Z"}
{"level":"info","message":{"duration":"10ms","method":"POST","statusCode":200,"type":"performance","url":"/api/auth/logout"},"timestamp":"2026-05-14T08:24:00.375Z"}
{"level":"info","message":{"duration":"1002ms","method":"POST","statusCode":201,"type":"performance","url":"/api/auth/register"},"timestamp":"2026-05-14T08:24:09.560Z"}
{"level":"info","message":{"duration":"157ms","method":"POST","statusCode":200,"type":"performance","url":"/api/auth/login"},"timestamp":"2026-05-14T08:24:23.684Z"}
{"level":"info","message":{"duration":"6ms","method":"GET","statusCode":200,"type":"performance","url":"/api/auth/profile"},"timestamp":"2026-05-14T08:24:23.695Z"}
{"level":"info","message":{"duration":"18ms","method":"GET","statusCode":304,"type":"performance","url":"/api/resources"},"timestamp":"2026-05-14T08:24:23.717Z"}
{"level":"info","message":{"duration":"7ms","method":"GET","statusCode":304,"type":"performance","url":"/api/user-resources"},"timestamp":"2026-05-14T08:24:23.733Z"}
{"level":"info","message":{"duration":"5ms","method":"GET","statusCode":304,"type":"performance","url":"/api/auth/profile"},"timestamp":"2026-05-14T08:24:24.400Z"}
{"level":"info","message":{"duration":"9ms","method":"GET","statusCode":200,"type":"performance","url":"/api/auth/verify-email?token=3a1c91d0c60737f5aaec3ad31de286e3337c92e7999903efc130bf88e66fd001&email=vanygar962%40gmail.com"},"timestamp":"2026-05-14T08:24:26.256Z"}
{"level":"info","message":{"duration":"6ms","method":"GET","statusCode":200,"type":"performance","url":"/api/auth/profile"},"timestamp":"2026-05-14T08:24:26.266Z"}
{"level":"info","message":{"duration":"132ms","method":"POST","statusCode":200,"type":"performance","url":"/api/auth/login"},"timestamp":"2026-05-14T08:24:43.290Z"}
{"level":"info","message":{"duration":"23ms","method":"POST","statusCode":200,"type":"performance","url":"/api/auth/logout"},"timestamp":"2026-05-14T08:24:55.327Z"}
{"level":"info","message":{"duration":"153ms","method":"POST","statusCode":200,"type":"performance","url":"/api/auth/login"},"timestamp":"2026-05-14T08:25:01.286Z"}
{"level":"info","message":{"duration":"24ms","method":"PUT","statusCode":200,"type":"performance","url":"/api/auth/profile"},"timestamp":"2026-05-14T08:25:21.262Z"}
{"level":"info","message":{"duration":"30ms","method":"PUT","statusCode":200,"type":"performance","url":"/api/auth/profile"},"timestamp":"2026-05-14T08:25:34.967Z"}
{"level":"info","message":{"duration":"218ms","method":"PUT","statusCode":200,"type":"performance","url":"/api/auth/change-password"},"timestamp":"2026-05-14T08:25:50.452Z"}
{"level":"info","message":{"duration":"238ms","method":"PUT","statusCode":200,"type":"performance","url":"/api/auth/change-password"},"timestamp":"2026-05-14T08:26:05.280Z"}
{"level":"info","message":{"duration":"970ms","method":"POST","statusCode":201,"type":"performance","url":"/api/auth/register"},"timestamp":"2026-05-14T08:26:21.603Z"}
{"level":"info","message":{"duration":"31ms","method":"DELETE","statusCode":200,"type":"performance","url":"/api/auth/user/29"},"timestamp":"2026-05-14T08:26:43.555Z"}
{"level":"info","message":{"duration":"823ms","method":"POST","statusCode":200,"type":"performance","url":"/api/auth/forgot-password"},"timestamp":"2026-05-14T08:27:12.449Z"}
{"level":"info","message":{"duration":"15ms","method":"POST","statusCode":200,"type":"performance","url":"/api/auth/logout"},"timestamp":"2026-05-14T08:27:17.173Z"}
{"level":"info","message":{"duration":"240ms","method":"POST","statusCode":200,"type":"performance","url":"/api/auth/login"},"timestamp":"2026-05-14T08:27:21.967Z"}
{"level":"info","message":{"duration":"7ms","method":"GET","statusCode":200,"type":"performance","url":"/api/auth/profile"},"timestamp":"2026-05-14T08:27:21.979Z"}
{"level":"info","message":{"duration":"11ms","method":"GET","statusCode":304,"type":"performance","url":"/api/resources"},"timestamp":"2026-05-14T08:27:21.995Z"}
{"level":"info","message":{"duration":"8ms","method":"GET","statusCode":304,"type":"performance","url":"/api/user-resources"},"timestamp":"2026-05-14T08:27:22.007Z"}
{"level":"info","message":{"duration":"9ms","method":"POST","statusCode":200,"type":"performance","url":"/api/auth/logout"},"timestamp":"2026-05-14T08:27:23.400Z"}
{"level":"info","message":{"duration":"814ms","method":"POST","statusCode":200,"type":"performance","url":"/api/auth/forgot-password"},"timestamp":"2026-05-14T08:27:27.809Z"}
{"level":"info","message":{"duration":"1ms","method":"POST","statusCode":400,"type":"performance","url":"/api/auth/reset-password"},"timestamp":"2026-05-14T08:27:42.200Z"}
{"level":"info","message":{"duration":"159ms","method":"POST","statusCode":200,"type":"performance","url":"/api/auth/reset-password"},"timestamp":"2026-05-14T08:27:46.298Z"}
{"level":"info","message":{"duration":"118ms","method":"POST","statusCode":200,"type":"performance","url":"/api/auth/login"},"timestamp":"2026-05-14T08:27:50.085Z"}
{"level":"info","message":{"duration":"8ms","method":"GET","statusCode":200,"type":"performance","url":"/api/auth/profile"},"timestamp":"2026-05-14T08:27:50.098Z"}
{"level":"info","message":{"duration":"9ms","method":"GET","statusCode":304,"type":"performance","url":"/api/resources"},"timestamp":"2026-05-14T08:27:50.111Z"}
{"level":"info","message":{"duration":"5ms","method":"GET","statusCode":304,"type":"performance","url":"/api/user-resources"},"timestamp":"2026-05-14T08:27:50.122Z"}
{"level":"info","message":{"duration":"7ms","method":"GET","statusCode":304,"type":"performance","url":"/api/auth/profile"},"timestamp":"2026-05-14T08:28:05.950Z"}
{"level":"info","message":{"duration":"186ms","method":"PUT","statusCode":200,"type":"performance","url":"/api/auth/change-password"},"timestamp":"2026-05-14T08:28:13.872Z"}
{"level":"info","message":{"duration":"15ms","method":"POST","statusCode":200,"type":"performance","url":"/api/auth/logout"},"timestamp":"2026-05-14T08:28:15.268Z"}
{"level":"info","message":{"duration":"107ms","method":"POST","statusCode":200,"type":"performance","url":"/api/auth/login"},"timestamp":"2026-05-14T08:28:18.285Z"}
{"level":"info","message":{"duration":"5ms","method":"GET","statusCode":200,"type":"performance","url":"/api/auth/profile"},"timestamp":"2026-05-14T08:28:18.294Z"}
{"level":"info","message":{"duration":"5ms","method":"GET","statusCode":304,"type":"performance","url":"/api/resources"},"timestamp":"2026-05-14T08:28:18.304Z"}
{"level":"info","message":{"duration":"5ms","method":"GET","statusCode":304,"type":"performance","url":"/api/user-resources"},"timestamp":"2026-05-14T08:28:18.317Z"}
{"level":"info","message":{"duration":"9ms","method":"GET","statusCode":200,"type":"performance","url":"/api/resources"},"timestamp":"2026-05-14T08:28:23.979Z"}
{"level":"info","message":{"duration":"9ms","method":"GET","statusCode":200,"type":"performance","url":"/api/resources/1"},"timestamp":"2026-05-14T08:28:32.802Z"}
{"level":"info","message":{"duration":"14ms","method":"POST","statusCode":200,"type":"performance","url":"/api/auth/logout"},"timestamp":"2026-05-14T08:28:39.753Z"}
{"level":"info","message":{"duration":"119ms","method":"POST","statusCode":200,"type":"performance","url":"/api/auth/login"},"timestamp":"2026-05-14T08:28:43.468Z"}
{"level":"info","message":{"duration":"8ms","method":"GET","statusCode":200,"type":"performance","url":"/api/auth/profile"},"timestamp":"2026-05-14T08:28:43.480Z"}
{"level":"info","message":{"duration":"6ms","method":"GET","statusCode":304,"type":"performance","url":"/api/resources"},"timestamp":"2026-05-14T08:28:43.492Z"}
{"level":"info","message":{"duration":"11ms","method":"GET","statusCode":304,"type":"performance","url":"/api/user-resources"},"timestamp":"2026-05-14T08:28:43.509Z"}
{"level":"info","message":{"duration":"16ms","method":"POST","statusCode":201,"type":"performance","url":"/api/resources"},"timestamp":"2026-05-14T08:28:54.399Z"}
{"level":"info","message":{"duration":"8ms","method":"GET","statusCode":200,"type":"performance","url":"/api/resources"},"timestamp":"2026-05-14T08:28:54.411Z"}
{"level":"info","message":{"duration":"6ms","method":"GET","statusCode":304,"type":"performance","url":"/api/user-resources"},"timestamp":"2026-05-14T08:28:54.421Z"}
{"level":"info","message":{"duration":"21ms","method":"PUT","statusCode":200,"type":"performance","url":"/api/resources/9"},"timestamp":"2026-05-14T08:29:05.515Z"}
{"level":"info","message":{"duration":"4ms","method":"GET","statusCode":200,"type":"performance","url":"/api/resources"},"timestamp":"2026-05-14T08:29:05.523Z"}
{"level":"info","message":{"duration":"4ms","method":"GET","statusCode":304,"type":"performance","url":"/api/user-resources"},"timestamp":"2026-05-14T08:29:05.531Z"}
{"level":"info","message":{"duration":"11ms","method":"POST","statusCode":200,"type":"performance","url":"/api/upload"},"timestamp":"2026-05-14T08:30:57.768Z"}
{"level":"error","message":"Дозволені тільки файли JPG, PNG або PDF","place":"POST /api/upload","stack":"Error: Дозволені тільки файли JPG, PNG або PDF\n    at fileFilter (C:\\Users\\vanya\\Desktop\\study_2026_2\\WEB\\project\\routes\\uploadRoutes.js:23:12)\n    at wrappedFileFilter (C:\\Users\\vanya\\Desktop\\study_2026_2\\WEB\\project\\node_modules\\multer\\index.js:45:7)\n    at Multipart.<anonymous> (C:\\Users\\vanya\\Desktop\\study_2026_2\\WEB\\project\\node_modules\\multer\\lib\\make-middleware.js:183:7)\n    at Multipart.emit (node:events:524:28)\n    at HeaderParser.cb (C:\\Users\\vanya\\Desktop\\study_2026_2\\WEB\\project\\node_modules\\busboy\\lib\\types\\multipart.js:358:14)\n    at HeaderParser.push (C:\\Users\\vanya\\Desktop\\study_2026_2\\WEB\\project\\node_modules\\busboy\\lib\\types\\multipart.js:162:20)\n    at SBMH.ssCb [as _cb] (C:\\Users\\vanya\\Desktop\\study_2026_2\\WEB\\project\\node_modules\\busboy\\lib\\types\\multipart.js:394:37)\n    at feed (C:\\Users\\vanya\\Desktop\\study_2026_2\\WEB\\project\\node_modules\\streamsearch\\lib\\sbmh.js:200:10)\n    at SBMH.push (C:\\Users\\vanya\\Desktop\\study_2026_2\\WEB\\project\\node_modules\\streamsearch\\lib\\sbmh.js:104:16)\n    at Multipart._write (C:\\Users\\vanya\\Desktop\\study_2026_2\\WEB\\project\\node_modules\\busboy\\lib\\types\\multipart.js:567:19)","timestamp":"2026-05-14T08:31:15.662Z"}
{"level":"info","message":{"duration":"11ms","method":"POST","statusCode":500,"type":"performance","url":"/api/upload"},"timestamp":"2026-05-14T08:31:15.667Z"}
